[2025-03-28T21:42:42.373Z] ========== DÉBUT DE L'EXÉCUTION MANUELLE DE LA TÂCHE: Fetch Tokens Volume (ID: 7) ==========
[2025-03-28T21:42:43.473Z] ========== DÉBUT DE L'EXÉCUTION MANUELLE DE LA TÂCHE: Fetch Tokens Volume (ID: 7) ==========
[2025-03-28T21:42:43.925Z] 🔄 Début de la récupération des volumes de tokens...
📅 Date limite: 2025-01-27
🔗 URL de l'API: https://gateway-arbitrum.network.thegraph.com/api/ae36a6bfa6af7dfa3487d2cecf583ebe/subgraphs/id/4eJa4rKCR5f8fq48BKbYBPvf7DWHppGZRvfiVUSFXBGR
📥 Récupération des tokens (skip: 0)...
✅ 701 tokens récupérés
✅ Total des tokens récupérés : 701
🔄 Récupération des enregistrements existants depuis PostgreSQL...
✅ 6904 enregistrements existants récupérés
Enregistrements existants récupérés
✅ Synchronisation des volumes de tokens terminée

[2025-03-28T21:42:43.925Z] ========== FIN DE L'EXÉCUTION MANUELLE (STATUT: success) ==========

[2025-03-28T21:42:45.046Z] 🔄 Début de la récupération des volumes de tokens...
📅 Date limite: 2025-01-27
🔗 URL de l'API: https://gateway-arbitrum.network.thegraph.com/api/ae36a6bfa6af7dfa3487d2cecf583ebe/subgraphs/id/4eJa4rKCR5f8fq48BKbYBPvf7DWHppGZRvfiVUSFXBGR
📥 Récupération des tokens (skip: 0)...
✅ 701 tokens récupérés
✅ Total des tokens récupérés : 701
🔄 Récupération des enregistrements existants depuis PostgreSQL...
✅ 6904 enregistrements existants récupérés
Enregistrements existants récupérés
✅ Synchronisation des volumes de tokens terminée

[2025-03-28T21:42:45.046Z] ========== FIN DE L'EXÉCUTION MANUELLE (STATUT: success) ==========

[2025-03-28T22:00:00.991Z] ========== DÉBUT DE L'EXÉCUTION DE LA TÂCHE: Fetch Tokens Volume (ID: 7) ==========
[2025-03-28T22:00:05.551Z] 🔄 Début de la récupération des volumes de tokens...
📅 Date limite: 2025-01-27
🔗 URL de l'API: https://gateway-arbitrum.network.thegraph.com/api/ae36a6bfa6af7dfa3487d2cecf583ebe/subgraphs/id/4eJa4rKCR5f8fq48BKbYBPvf7DWHppGZRvfiVUSFXBGR
📥 Récupération des tokens (skip: 0)...
✅ 701 tokens récupérés
✅ Total des tokens récupérés : 701
🔄 Récupération des enregistrements existants depuis PostgreSQL...
✅ 6904 enregistrements existants récupérés
Enregistrements existants récupérés
❗ Différence détectée pour la clé 0x27c30545dc2ba4b3bfdcb9f807a0214f4b06f034_2025-03-28
  Ancien: { quantity: 20, volume: 1036 }
  Nouveau: { quantity: 20.6453, volume: 1068.6759 }
❗ Différence détectée pour la clé 0x960e61f5c4107d71bd8936b010416738c250f91c_2025-03-28
  Ancien: { quantity: 12.5691, volume: 691.3007 }
  Nouveau: { quantity: 13.8461, volume: 760.1156 }
🔄 Mise à jour de 2 enregistrements...
✅ 2 enregistrements mis à jour avec succès
✅ Synchronisation des volumes de tokens terminée

[2025-03-28T22:00:05.552Z] ========== FIN DE L'EXÉCUTION (STATUT: success) ==========

[2025-03-28T22:02:52.659Z] ========== DÉBUT DE L'EXÉCUTION MANUELLE DE LA TÂCHE: Fetch Tokens Volume (ID: 7) ==========
[2025-03-28T22:02:54.222Z] 🔄 Début de la récupération des volumes de tokens...
📅 Date limite: 2025-01-27
🔗 URL de l'API: https://gateway-arbitrum.network.thegraph.com/api/ae36a6bfa6af7dfa3487d2cecf583ebe/subgraphs/id/4eJa4rKCR5f8fq48BKbYBPvf7DWHppGZRvfiVUSFXBGR
📥 Récupération des tokens (skip: 0)...
✅ 701 tokens récupérés
✅ Total des tokens récupérés : 701
🔄 Récupération des enregistrements existants depuis PostgreSQL...
✅ 6904 enregistrements existants récupérés
Enregistrements existants récupérés
✅ Synchronisation des volumes de tokens terminée

[2025-03-28T22:02:54.222Z] ========== FIN DE L'EXÉCUTION MANUELLE (STATUT: success) ==========

[2025-03-28T23:00:00.394Z] ========== DÉBUT DE L'EXÉCUTION DE LA TÂCHE: Fetch Tokens Volume (ID: 7) ==========
[2025-03-28T23:00:04.059Z] 🔄 Début de la récupération des volumes de tokens...
📅 Date limite: 2025-01-27
🔗 URL de l'API: https://gateway-arbitrum.network.thegraph.com/api/ae36a6bfa6af7dfa3487d2cecf583ebe/subgraphs/id/4eJa4rKCR5f8fq48BKbYBPvf7DWHppGZRvfiVUSFXBGR
📥 Récupération des tokens (skip: 0)...
✅ 701 tokens récupérés
✅ Total des tokens récupérés : 701
🔄 Récupération des enregistrements existants depuis PostgreSQL...
✅ 6904 enregistrements existants récupérés
Enregistrements existants récupérés
❗ Différence détectée pour la clé 0x0954682ff1b512d3927d06c591942f50917e16a0_2025-03-28
  Ancien: { quantity: 0.1555, volume: 10.3983 }
  Nouveau: { quantity: 0.2595, volume: 17.3622 }
❗ Différence détectée pour la clé 0x3839ab8550a64940964e0ecb02ed301005a96ffc_2025-03-28
  Ancien: { quantity: 6.17, volume: 370.37 }
  Nouveau: { quantity: 6.9861, volume: 420.1521 }
❗ Différence détectée pour la clé 0x3963534328e575c90515ad6a082ebd1d88bbe0be_2025-03-28
  Ancien: { quantity: 2.5, volume: 129.9895 }
  Nouveau: { quantity: 3, volume: 155.9874 }
❗ Différence détectée pour la clé 0x83b16b1dcaaeb59caa13b96da260d8b15671822a_2025-03-28
  Ancien: { quantity: 18.5646, volume: 1296.9239 }
  Nouveau: { quantity: 29.6329, volume: 2070.1562 }
❗ Différence détectée pour la clé 0x945d833927380e25f402350667c6cd2d2615e7c2_2025-03-28
  Ancien: { quantity: 0.81, volume: 52.0506 }
  Nouveau: { quantity: 50.81, volume: 3268.0506 }
❗ Différence détectée pour la clé 0x960e61f5c4107d71bd8936b010416738c250f91c_2025-03-28
  Ancien: { quantity: 13.8461, volume: 760.1156 }
  Nouveau: { quantity: 14.7571, volume: 809.9703 }
❗ Différence détectée pour la clé 0x9a99f283e1f6c3b7f24901995624ef7b78e94471_2025-03-28
  Ancien: { quantity: 0.6735, volume: 43.6555 }
  Nouveau: { quantity: 8.7977, volume: 570.27 }
❗ Différence détectée pour la clé 0xafa816f7fff6f252e5cdbd40b80d9ef77b7e289b_2025-03-28
  Ancien: { quantity: 6.27, volume: 375.8865 }
  Nouveau: { quantity: 6.9992, volume: 419.6462 }
❗ Différence détectée pour la clé 0xbdc1f8ccd117fe4e34f6c78f5293cd126b0c0474_2025-03-28
  Ancien: { quantity: 2.2856, volume: 132.3619 }
  Nouveau: { quantity: 5.583, volume: 323.309 }
❗ Différence détectée pour la clé 0xf7412e264fa85ae5e79ac3a4b64ce4669e32b98f_2025-03-28
  Ancien: { quantity: 39.5009, volume: 2271.1073 }
  Nouveau: { quantity: 58.4044, volume: 3372.7718 }
🔄 Mise à jour de 10 enregistrements...
✅ 10 enregistrements mis à jour avec succès
📝 Insertion de 10 nouveaux enregistrements...
✅ 10 nouveaux enregistrements insérés avec succès
✅ Synchronisation des volumes de tokens terminée

[2025-03-28T23:00:04.059Z] ========== FIN DE L'EXÉCUTION (STATUT: success) ==========

[2025-03-29T00:00:00.754Z] ========== DÉBUT DE L'EXÉCUTION DE LA TÂCHE: Fetch Tokens Volume (ID: 7) ==========
[2025-03-29T00:00:06.271Z] 🔄 Début de la récupération des volumes de tokens...
📅 Date limite: 2025-01-28
🔗 URL de l'API: https://gateway-arbitrum.network.thegraph.com/api/ae36a6bfa6af7dfa3487d2cecf583ebe/subgraphs/id/4eJa4rKCR5f8fq48BKbYBPvf7DWHppGZRvfiVUSFXBGR
📥 Récupération des tokens (skip: 0)...
✅ 701 tokens récupérés
✅ Total des tokens récupérés : 701
🔄 Récupération des enregistrements existants depuis PostgreSQL...
✅ 6914 enregistrements existants récupérés
Enregistrements existants récupérés
❗ Différence détectée pour la clé 0x052ad78e3aa0b0f2d3912fd3b50a9a289cf2f7aa_2025-03-28
  Ancien: { quantity: 0.9765, volume: 61.6381 }
  Nouveau: { quantity: 0.984, volume: 62.1172 }
❗ Différence détectée pour la clé 0x2fb7eeeece8498af2bf5b00ea29ca03005c35956_2025-03-28
  Ancien: { quantity: 1, volume: 55 }
  Nouveau: { quantity: 1.6, volume: 88 }
❗ Différence détectée pour la clé 0x5d0436f003aef56990194f79a242bc185843aea5_2025-03-28
  Ancien: { quantity: 0.4387, volume: 25.3778 }
  Nouveau: { quantity: 2.4387, volume: 142.1978 }
❗ Différence détectée pour la clé 0xf793d1ba72e2914525205ca592dec2142e700cb4_2025-03-28
  Ancien: { quantity: 0.6, volume: 34.734 }
  Nouveau: { quantity: 12.6504, volume: 733.0321 }
🗑️ Enregistrement non trouvé dans les nouvelles données, sera supprimé: {
  id: 163,
  token: '0x052ad78e3aa0b0f2d3912fd3b50a9a289cf2f7aa',
  date: 2025-01-27T00:00:00.000Z,
  quantity: '6.1668',
  volume: '388.3228',
  created_at: 2025-03-17T12:07:55.995Z,
  updated_at: 2025-03-17T12:07:55.995Z
}
🗑️ Enregistrement non trouvé dans les nouvelles données, sera supprimé: {
  id: 253,
  token: '0x0675e8f4a52ea6c845cb6427af03616a2af42170',
  date: 2025-01-27T00:00:00.000Z,
  quantity: '31.2431',
  volume: '1495.4053',
  created_at: 2025-03-17T12:07:55.995Z,
  updated_at: 2025-03-17T12:07:55.995Z
}
🗑️ Enregistrement non trouvé dans les nouvelles données, sera supprimé: {
  id: 424,
  token: '0x0a7d5a774585c2fc7ccf46c220e9a4e4f91e93c3',
  date: 2025-01-27T00:00:00.000Z,
  quantity: '0.2782',
  volume: '19.1548',
  created_at: 2025-03-17T12:07:55.995Z,
  updated_at: 2025-03-17T12:07:55.995Z
}
🗑️ Enregistrement non trouvé dans les nouvelles données, sera supprimé: {
  id: 462,
  token: '0x0d5d0b74c690170a82bf52e5d16388fc4fa29082',
  date: 2025-01-27T00:00:00.000Z,
  quantity: '8.2388',
  volume: '432.5390',
  created_at: 2025-03-17T12:07:55.995Z,
  updated_at: 2025-03-17T12:07:55.995Z
}
🗑️ Enregistrement non trouvé dans les nouvelles données, sera supprimé: {
  id: 499,
  token: '0x0dca7cd3f63b69bbe55364b42fb6c3b21202d06f',
  date: 2025-01-27T00:00:00.000Z,
  quantity: '0.1567',
  volume: '8.1504',
  created_at: 2025-03-17T12:07:55.995Z,
  updated_at: 2025-03-17T12:07:55.995Z
}
🗑️ Enregistrement non trouvé dans les nouvelles données, sera supprimé: {
  id: 554,
  token: '0x10479fb486b4a77b87320ba017c5e64f4f352773',
  date: 2025-01-27T00:00:00.000Z,
  quantity: '0.1371',
  volume: '7.1180',
  created_at: 2025-03-17T12:07:55.995Z,
  updated_at: 2025-03-17T12:07:55.995Z
}
🗑️ Enregistrement non trouvé dans les nouvelles données, sera supprimé: {
  id: 675,
  token: '0x140c3d8bf3ff575ee63a12fe019b1d97caf6adcb',
  date: 2025-01-27T00:00:00.000Z,
  quantity: '4.0000',
  volume: '194.0000',
  created_at: 2025-03-17T12:07:55.995Z,
  updated_at: 2025-03-17T12:07:55.995Z
}
🗑️ Enregistrement non trouvé dans les nouvelles données, sera supprimé: {
  id: 702,
  token: '0x14be8b4b4bf1ea9d18bd04c4063a0987c702e204',
  date: 2025-01-27T00:00:00.000Z,
  quantity: '3.0100',
  volume: '152.3060',
  created_at: 2025-03-17T12:07:55.995Z,
  updated_at: 2025-03-17T12:07:55.995Z
}
🗑️ Enregistrement non trouvé dans les nouvelles données, sera supprimé: {
  id: 826,
  token: '0x18c523f27b0310a7468f081ae8e84179d0a04ad1',
  date: 2025-01-27T00:00:00.000Z,
  quantity: '7.0000',
  volume: '365.4700',
  created_at: 2025-03-17T12:07:55.995Z,
  updated_at: 2025-03-17T12:07:55.995Z
}
🗑️ Enregistrement non trouvé dans les nouvelles données, sera supprimé: {
  id: 952,
  token: '0x1cc42015d1e4c97d8739d8fe663c47f0a49e9a38',
  date: 2025-01-27T00:00:00.000Z,
  quantity: '2.5090',
  volume: '189.7998',
  created_at: 2025-03-17T12:07:55.995Z,
  updated_at: 2025-03-17T12:07:55.995Z
}
🗑️ Enregistrement non trouvé dans les nouvelles données, sera supprimé: {
  id: 1017,
  token: '0x1d9fd5c3fbfd4758f22438a336068b813872cefc',
  date: 2025-01-27T00:00:00.000Z,
  quantity: '71.8274',
  volume: '3778.1232',
  created_at: 2025-03-17T12:07:55.995Z,
  updated_at: 2025-03-17T12:07:55.995Z
}
🗑️ Enregistrement non trouvé dans les nouvelles données, sera supprimé: {
  id: 1048,
  token: '0x1e001730a23c7ebaff35bc8bc90da5a9b20804a4',
  date: 2025-01-27T00:00:00.000Z,
  quantity: '0.0700',
  volume: '4.7299',
  created_at: 2025-03-17T12:07:55.995Z,
  updated_at: 2025-03-17T12:07:55.995Z
}
🗑️ Enregistrement non trouvé dans les nouvelles données, sera supprimé: {
  id: 1097,
  token: '0x20170890ef210e402578f97d6b179784c45f3a1b',
  date: 2025-01-27T00:00:00.000Z,
  quantity: '4.0000',
  volume: '206.4800',
  created_at: 2025-03-17T12:07:55.995Z,
  updated_at: 2025-03-17T12:07:55.995Z
}
🗑️ Enregistrement non trouvé dans les nouvelles données, sera supprimé: {
  id: 1141,
  token: '0x21000fb507af0766f931dda8e8d060fa3ea8585a',
  date: 2025-01-27T00:00:00.000Z,
  quantity: '0.0050',
  volume: '0.2750',
  created_at: 2025-03-17T12:07:55.995Z,
  updated_at: 2025-03-17T12:07:55.995Z
}
🗑️ Enregistrement non trouvé dans les nouvelles données, sera supprimé: {
  id: 1167,
  token: '0x21f1af3e751317a2f7de7df31d5d092e6a907bde',
  date: 2025-01-27T00:00:00.000Z,
  quantity: '20.7353',
  volume: '1461.0110',
  created_at: 2025-03-17T12:07:55.995Z,
  updated_at: 2025-03-17T12:07:55.995Z
}
🗑️ Enregistrement non trouvé dans les nouvelles données, sera supprimé: {
  id: 1185,
  token: '0x22fb1288d3914bf149d0e0d9f23bd7f742517052',
  date: 2025-01-27T00:00:00.000Z,
  quantity: '0.4365',
  volume: '21.8254',
  created_at: 2025-03-17T12:07:55.995Z,
  updated_at: 2025-03-17T12:07:55.995Z
}
🗑️ Enregistrement non trouvé dans les nouvelles données, sera supprimé: {
  id: 1203,
  token: '0x2331fe160c3018b2ea69296eac349af5aa0b8cd1',
  date: 2025-01-27T00:00:00.000Z,
  quantity: '1.0000',
  volume: '54.0000',
  created_at: 2025-03-17T12:07:55.995Z,
  updated_at: 2025-03-17T12:07:55.995Z
}
🗑️ Enregistrement non trouvé dans les nouvelles données, sera supprimé: {
  id: 1227,
  token: '0x2360fca74ed948ff4f962e369080a64a40a1300d',
  date: 2025-01-27T00:00:00.000Z,
  quantity: '7.5301',
  volume: '499.2477',
  created_at: 2025-03-17T12:07:55.995Z,
  updated_at: 2025-03-17T12:07:55.995Z
}
🗑️ Enregistrement non trouvé dans les nouvelles données, sera supprimé: {
  id: 1260,
  token: '0x24442006539fbf90f394cf162fcc2bc98c91d9a2',
  date: 2025-01-27T00:00:00.000Z,
  quantity: '1.0000',
  volume: '50.0000',
  created_at: 2025-03-17T12:07:55.995Z,
  updated_at: 2025-03-17T12:07:55.995Z
}
🗑️ Enregistrement non trouvé dans les nouvelles données, sera supprimé: {
  id: 1317,
  token: '0x27c30545dc2ba4b3bfdcb9f807a0214f4b06f034',
  date: 2025-01-27T00:00:00.000Z,
  quantity: '2.0000',
  volume: '103.0000',
  created_at: 2025-03-17T12:07:55.995Z,
  updated_at: 2025-03-17T12:07:55.995Z
}
🗑️ Enregistrement non trouvé dans les nouvelles données, sera supprimé: {
  id: 1374,
  token: '0x2a7c9f7719367006e9bd20d0555025efb86d7d5d',
  date: 2025-01-27T00:00:00.000Z,
  quantity: '4.3370',
  volume: '242.9154',
  created_at: 2025-03-17T12:07:55.995Z,
  updated_at: 2025-03-17T12:07:55.995Z
}
🗑️ Enregistrement non trouvé dans les nouvelles données, sera supprimé: {
  id: 1448,
  token: '0x2cf1ec5b40c4510bfadeff8e1aefd9159b75502a',
  date: 2025-01-27T00:00:00.000Z,
  quantity: '0.1313',
  volume: '6.6948',
  created_at: 2025-03-17T12:07:55.995Z,
  updated_at: 2025-03-17T12:07:55.995Z
}
🗑️ Enregistrement non trouvé dans les nouvelles données, sera supprimé: {
  id: 1505,
  token: '0x2e5ab2292632cbcb434e494b72444335004b84bf',
  date: 2025-01-27T00:00:00.000Z,
  quantity: '7.0000',
  volume: '353.5000',
  created_at: 2025-03-17T12:07:55.995Z,
  updated_at: 2025-03-17T12:07:55.995Z
}
🗑️ Enregistrement non trouvé dans les nouvelles données, sera supprimé: {
  id: 1528,
  token: '0x2f3640655d076b45d1fa10da0f6d880329c9d553',
  date: 2025-01-27T00:00:00.000Z,
  quantity: '1.0000',
  volume: '57.0000',
  created_at: 2025-03-17T12:07:55.995Z,
  updated_at: 2025-03-17T12:07:55.995Z
}
🗑️ Enregistrement non trouvé dans les nouvelles données, sera supprimé: {
  id: 1547,
  token: '0x2f5bb131614d6c2be8520e355752576ad55416b4',
  date: 2025-01-27T00:00:00.000Z,
  quantity: '2.3399',
  volume: '126.3551',
  created_at: 2025-03-17T12:07:55.995Z,
  updated_at: 2025-03-17T12:07:55.995Z
}
🗑️ Enregistrement non trouvé dans les nouvelles données, sera supprimé: {
  id: 1587,
  token: '0x304bee450c2d116696d8b442981e7a300dfdf1cb',
  date: 2025-01-27T00:00:00.000Z,
  quantity: '5.0000',
  volume: '294.7500',
  created_at: 2025-03-17T12:07:55.995Z,
  updated_at: 2025-03-17T12:07:55.995Z
}
🗑️ Enregistrement non trouvé dans les nouvelles données, sera supprimé: {
  id: 1664,
  token: '0x33ac7d47e7a9a219f9a0d3784bc21f6ff25e6efd',
  date: 2025-01-27T00:00:00.000Z,
  quantity: '3.0000',
  volume: '155.7000',
  created_at: 2025-03-17T12:07:55.995Z,
  updated_at: 2025-03-17T12:07:55.995Z
}
🗑️ Enregistrement non trouvé dans les nouvelles données, sera supprimé: {
  id: 1704,
  token: '0x34ed9e71449529e034d0326cfbb3b5ccdca00cbc',
  date: 2025-01-27T00:00:00.000Z,
  quantity: '5.6530',
  volume: '296.3873',
  created_at: 2025-03-17T12:07:55.995Z,
  updated_at: 2025-03-17T12:07:55.995Z
}
🗑️ Enregistrement non trouvé dans les nouvelles données, sera supprimé: {
  id: 1748,
  token: '0x3778fa5048b698de27149a6adddca9c935f14e34',
  date: 2025-01-27T00:00:00.000Z,
  quantity: '0.0050',
  volume: '0.2766',
  created_at: 2025-03-17T12:07:55.995Z,
  updated_at: 2025-03-17T12:07:55.995Z
}
🗑️ Enregistrement non trouvé dans les nouvelles données, sera supprimé: {
  id: 1884,
  token: '0x3ac16e7177a55d5fd8f8ab58263d1c764d462fde',
  date: 2025-01-27T00:00:00.000Z,
  quantity: '540.9351',
  volume: '27046.7559',
  created_at: 2025-03-17T12:07:55.995Z,
  updated_at: 2025-03-17T12:07:55.995Z
}
🗑️ Enregistrement non trouvé dans les nouvelles données, sera supprimé: {
  id: 1986,
  token: '0x3c5654362fa005393ad9c793fe0fa74f0cd95bbb',
  date: 2025-01-27T00:00:00.000Z,
  quantity: '3.0100',
  volume: '161.0350',
  created_at: 2025-03-17T12:07:55.995Z,
  updated_at: 2025-03-17T12:07:55.995Z
}
🗑️ Enregistrement non trouvé dans les nouvelles données, sera supprimé: {
  id: 2023,
  token: '0x3dbf5b600fc43a35fe94cba54995d6682d1ee080',
  date: 2025-01-27T00:00:00.000Z,
  quantity: '1.0000',
  volume: '51.8700',
  created_at: 2025-03-17T12:07:55.995Z,
  updated_at: 2025-03-17T12:07:55.995Z
}
🗑️ Enregistrement non trouvé dans les nouvelles données, sera supprimé: {
  id: 2036,
  token: '0x3ecf927de060f57e0ed3f565ad081ec8d025f925',
  date: 2025-01-27T00:00:00.000Z,
  quantity: '1.0000',
  volume: '52.0000',
  created_at: 2025-03-17T12:07:55.995Z,
  updated_at: 2025-03-17T12:07:55.995Z
}
🗑️ Enregistrement non trouvé dans les nouvelles données, sera supprimé: {
  id: 2083,
  token: '0x416cb9befbe169b2194e734e35b38980b2497b4a',
  date: 2025-01-27T00:00:00.000Z,
  quantity: '20.0050',
  volume: '960.2750',
  created_at: 2025-03-17T12:07:55.995Z,
  updated_at: 2025-03-17T12:07:55.995Z
}
🗑️ Enregistrement non trouvé dans les nouvelles données, sera supprimé: {
  id: 2152,
  token: '0x45536981800e3317260d01e6cbf1b627691e718f',
  date: 2025-01-27T00:00:00.000Z,
  quantity: '3.0000',
  volume: '159.8500',
  created_at: 2025-03-17T12:07:55.995Z,
  updated_at: 2025-03-17T12:07:55.995Z
}
🗑️ Enregistrement non trouvé dans les nouvelles données, sera supprimé: {
  id: 2211,
  token: '0x478a4a6b4b864b0e633d15c73573877b0154e286',
  date: 2025-01-27T00:00:00.000Z,
  quantity: '2.0000',
  volume: '104.0000',
  created_at: 2025-03-17T12:07:55.995Z,
  updated_at: 2025-03-17T12:07:55.995Z
}
🗑️ Enregistrement non trouvé dans les nouvelles données, sera supprimé: {
  id: 2267,
  token: '0x4a6cd874c3da159f88be3c7351bde37cee6b4863',
  date: 2025-01-27T00:00:00.000Z,
  quantity: '12.3100',
  volume: '591.1900',
  created_at: 2025-03-17T12:07:55.995Z,
  updated_at: 2025-03-17T12:07:55.995Z
}
🗑️ Enregistrement non trouvé dans les nouvelles données, sera supprimé: {
  id: 2331,
  token: '0x4b9c173c81ea2b6804b99ac91846c62bdb74fe72',
  date: 2025-01-27T00:00:00.000Z,
  quantity: '3.6684',
  volume: '216.8028',
  created_at: 2025-03-17T12:07:55.995Z,
  updated_at: 2025-03-17T12:07:55.995Z
}
🗑️ Enregistrement non trouvé dans les nouvelles données, sera supprimé: {
  id: 2352,
  token: '0x4d0da4e75d40bd7d9c4f7a292bf883bcdf38c45d',
  date: 2025-01-27T00:00:00.000Z,
  quantity: '0.8779',
  volume: '58.1179',
  created_at: 2025-03-17T12:07:55.995Z,
  updated_at: 2025-03-17T12:07:55.995Z
}
🗑️ Enregistrement non trouvé dans les nouvelles données, sera supprimé: {
  id: 2452,
  token: '0x51b99b27151d587e8891d780227c9e1ab863525c',
  date: 2025-01-27T00:00:00.000Z,
  quantity: '0.4500',
  volume: '23.8500',
  created_at: 2025-03-17T12:07:55.995Z,
  updated_at: 2025-03-17T12:07:55.995Z
}
🗑️ Enregistrement non trouvé dans les nouvelles données, sera supprimé: {
  id: 2632,
  token: '0x5a722eda908e3db61c9a14cce757ce673f5e3a17',
  date: 2025-01-27T00:00:00.000Z,
  quantity: '29.9260',
  volume: '1515.2000',
  created_at: 2025-03-17T12:07:55.995Z,
  updated_at: 2025-03-17T12:07:55.995Z
}
🗑️ Enregistrement non trouvé dans les nouvelles données, sera supprimé: {
  id: 2676,
  token: '0x5a831b2ec4202483ac2021b5b8c4037fc8aeede6',
  date: 2025-01-27T00:00:00.000Z,
  quantity: '0.0050',
  volume: '0.2750',
  created_at: 2025-03-17T12:07:55.995Z,
  updated_at: 2025-03-17T12:07:55.995Z
}
🗑️ Enregistrement non trouvé dans les nouvelles données, sera supprimé: {
  id: 2732,
  token: '0x5b8a37f5e2290e116358fa1728ae898e2bbe7f2b',
  date: 2025-01-27T00:00:00.000Z,
  quantity: '2.0000',
  volume: '104.0000',
  created_at: 2025-03-17T12:07:55.995Z,
  updated_at: 2025-03-17T12:07:55.995Z
}
🗑️ Enregistrement non trouvé dans les nouvelles données, sera supprimé: {
  id: 2755,
  token: '0x5c4e3fa9704d4212c6434190af6379cfbda47e13',
  date: 2025-01-27T00:00:00.000Z,
  quantity: '0.7562',
  volume: '37.0541',
  created_at: 2025-03-17T12:07:55.995Z,
  updated_at: 2025-03-17T12:07:55.995Z
}
🗑️ Enregistrement non trouvé dans les nouvelles données, sera supprimé: {
  id: 2884,
  token: '0x5ff86216bac301010d471e4b0f659a68cca4f0c6',
  date: 2025-01-27T00:00:00.000Z,
  quantity: '2.0000',
  volume: '100.0000',
  created_at: 2025-03-17T12:07:55.995Z,
  updated_at: 2025-03-17T12:07:55.995Z
}
🗑️ Enregistrement non trouvé dans les nouvelles données, sera supprimé: {
  id: 2910,
  token: '0x60677266d8bedd6147e7070adfd8c681e2d88324',
  date: 2025-01-27T00:00:00.000Z,
  quantity: '0.0700',
  volume: '3.6401',
  created_at: 2025-03-17T12:07:55.995Z,
  updated_at: 2025-03-17T12:07:55.995Z
}
🗑️ Enregistrement non trouvé dans les nouvelles données, sera supprimé: {
  id: 2929,
  token: '0x60888b47eb7290eaa8823568fcffa17da1a853d9',
  date: 2025-01-27T00:00:00.000Z,
  quantity: '7.0000',
  volume: '363.6500',
  created_at: 2025-03-17T12:07:55.995Z,
  updated_at: 2025-03-17T12:07:55.995Z
}
🗑️ Enregistrement non trouvé dans les nouvelles données, sera supprimé: {
  id: 2974,
  token: '0x63a1849b47ef5913ccc5adb0e2708b11a4ba6972',
  date: 2025-01-27T00:00:00.000Z,
  quantity: '3.0000',
  volume: '185.5500',
  created_at: 2025-03-17T12:07:55.995Z,
  updated_at: 2025-03-17T12:07:55.995Z
}
🗑️ Enregistrement non trouvé dans les nouvelles données, sera supprimé: {
  id: 3080,
  token: '0x69d1b42b20f3ded07bec322253d0140b04cbb6f5',
  date: 2025-01-27T00:00:00.000Z,
  quantity: '1.0000',
  volume: '58.7800',
  created_at: 2025-03-17T12:07:55.995Z,
  updated_at: 2025-03-17T12:07:55.995Z
}
🗑️ Enregistrement non trouvé dans les nouvelles données, sera supprimé: {
  id: 3328,
  token: '0x744ca59499be33f6a112eed3acca533954da1050',
  date: 2025-01-27T00:00:00.000Z,
  quantity: '2.3361',
  volume: '135.4933',
  created_at: 2025-03-17T12:07:55.995Z,
  updated_at: 2025-03-17T12:07:55.995Z
}
🗑️ Enregistrement non trouvé dans les nouvelles données, sera supprimé: {
  id: 3407,
  token: '0x7909090541d646a262a3062639298772a2c79daa',
  date: 2025-01-27T00:00:00.000Z,
  quantity: '3.0000',
  volume: '168.6000',
  created_at: 2025-03-17T12:07:55.995Z,
  updated_at: 2025-03-17T12:07:55.995Z
}
🗑️ Enregistrement non trouvé dans les nouvelles données, sera supprimé: {
  id: 3506,
  token: '0x7dfeee178fc1f929a88ad69e4e8d493600dd26d0',
  date: 2025-01-27T00:00:00.000Z,
  quantity: '2.3436',
  volume: '137.2422',
  created_at: 2025-03-17T12:07:55.995Z,
  updated_at: 2025-03-17T12:07:55.995Z
}
🗑️ Enregistrement non trouvé dans les nouvelles données, sera supprimé: {
  id: 3563,
  token: '0x81cea1a7c83d5caed483dd4da59bfe98f24ef687',
  date: 2025-01-27T00:00:00.000Z,
  quantity: '0.9000',
  volume: '63.4230',
  created_at: 2025-03-17T12:07:55.995Z,
  updated_at: 2025-03-17T12:07:55.995Z
}
🗑️ Enregistrement non trouvé dans les nouvelles données, sera supprimé: {
  id: 3712,
  token: '0x8626b38267e4fc0d8c92e0bb86f97acab3f6aa05',
  date: 2025-01-27T00:00:00.000Z,
  quantity: '10.0000',
  volume: '657.4000',
  created_at: 2025-03-17T12:07:55.995Z,
  updated_at: 2025-03-17T12:07:55.995Z
}
🗑️ Enregistrement non trouvé dans les nouvelles données, sera supprimé: {
  id: 3835,
  token: '0x8a7cc65bd33641bd349b8a6dea34e2b73a0919b0',
  date: 2025-01-27T00:00:00.000Z,
  quantity: '5.0000',
  volume: '262.4500',
  created_at: 2025-03-17T12:07:55.995Z,
  updated_at: 2025-03-17T12:07:55.995Z
}
🗑️ Enregistrement non trouvé dans les nouvelles données, sera supprimé: {
  id: 3986,
  token: '0x8f1bedf87b6382f80da197dde690d8ff7455d19a',
  date: 2025-01-27T00:00:00.000Z,
  quantity: '3.0000',
  volume: '150.0000',
  created_at: 2025-03-17T12:07:55.995Z,
  updated_at: 2025-03-17T12:07:55.995Z
}
🗑️ Enregistrement non trouvé dans les nouvelles données, sera supprimé: {
  id: 4033,
  token: '0x90a315a3a047bf09653a9ff5c0154a0a6e85482c',
  date: 2025-01-27T00:00:00.000Z,
  quantity: '1.0000',
  volume: '55.8300',
  created_at: 2025-03-17T12:07:55.995Z,
  updated_at: 2025-03-17T12:07:55.995Z
}
🗑️ Enregistrement non trouvé dans les nouvelles données, sera supprimé: {
  id: 4099,
  token: '0x939539b48418752b6d373fe05bc108ecd85d9187',
  date: 2025-01-27T00:00:00.000Z,
  quantity: '0.0050',
  volume: '0.2750',
  created_at: 2025-03-17T12:07:55.995Z,
  updated_at: 2025-03-17T12:07:55.995Z
}
🗑️ Enregistrement non trouvé dans les nouvelles données, sera supprimé: {
  id: 4161,
  token: '0x952d5aea7fe9ffb481b57ae9adb0714844d3c454',
  date: 2025-01-27T00:00:00.000Z,
  quantity: '13.0000',
  volume: '702.7600',
  created_at: 2025-03-17T12:07:55.995Z,
  updated_at: 2025-03-17T12:07:55.995Z
}
🗑️ Enregistrement non trouvé dans les nouvelles données, sera supprimé: {
  id: 4235,
  token: '0x9642a2379bc359c8b10ead2e06c4a4156bbb3f57',
  date: 2025-01-27T00:00:00.000Z,
  quantity: '23.0000',
  volume: '1173.0000',
  created_at: 2025-03-17T12:07:55.995Z,
  updated_at: 2025-03-17T12:07:55.995Z
}
🗑️ Enregistrement non trouvé dans les nouvelles données, sera supprimé: {
  id: 4266,
  token: '0x964ee9e5d9d8abfc768f8d860cc6c33e75d37112',
  date: 2025-01-27T00:00:00.000Z,
  quantity: '3.9770',
  volume: '212.9391',
  created_at: 2025-03-17T12:07:55.995Z,
  updated_at: 2025-03-17T12:07:55.995Z
}
🗑️ Enregistrement non trouvé dans les nouvelles données, sera supprimé: {
  id: 4306,
  token: '0x969e3e55c8a4d9c4cd5e2660a2000ae12aad9e3e',
  date: 2025-01-27T00:00:00.000Z,
  quantity: '4.0000',
  volume: '202.8400',
  created_at: 2025-03-17T12:07:55.995Z,
  updated_at: 2025-03-17T12:07:55.995Z
}
🗑️ Enregistrement non trouvé dans les nouvelles données, sera supprimé: {
  id: 4513,
  token: '0xa1f40b6f4df7d9ba5978a0cdb5ab31d6446dce21',
  date: 2025-01-27T00:00:00.000Z,
  quantity: '1.0000',
  volume: '50.5000',
  created_at: 2025-03-17T12:07:55.995Z,
  updated_at: 2025-03-17T12:07:55.995Z
}
🗑️ Enregistrement non trouvé dans les nouvelles données, sera supprimé: {
  id: 4532,
  token: '0xa2b2ae397492c7ed8a4c1e751ac72d2b59947e6b',
  date: 2025-01-27T00:00:00.000Z,
  quantity: '0.0001',
  volume: '0.0096',
  created_at: 2025-03-17T12:07:55.995Z,
  updated_at: 2025-03-17T12:07:55.995Z
}
🗑️ Enregistrement non trouvé dans les nouvelles données, sera supprimé: {
  id: 4544,
  token: '0xa3947ea22a8200b217885a7e9c9bcbf704349509',
  date: 2025-01-27T00:00:00.000Z,
  quantity: '2.0000',
  volume: '106.5200',
  created_at: 2025-03-17T12:07:55.995Z,
  updated_at: 2025-03-17T12:07:55.995Z
}
🗑️ Enregistrement non trouvé dans les nouvelles données, sera supprimé: {
  id: 4647,
  token: '0xa5fd99f142ebf4343974137a3200e5197bf0c81b',
  date: 2025-01-27T00:00:00.000Z,
  quantity: '23.8658',
  volume: '1431.9488',
  created_at: 2025-03-17T12:07:55.995Z,
  updated_at: 2025-03-17T12:07:55.995Z
}
🗑️ Enregistrement non trouvé dans les nouvelles données, sera supprimé: {
  id: 4778,
  token: '0xa8ab830bfd0d91bc017cdec98a2a198b9938ea8d',
  date: 2025-01-27T00:00:00.000Z,
  quantity: '9.0000',
  volume: '569.8800',
  created_at: 2025-03-17T12:07:55.995Z,
  updated_at: 2025-03-17T12:07:55.995Z
}
🗑️ Enregistrement non trouvé dans les nouvelles données, sera supprimé: {
  id: 4805,
  token: '0xa918027e8e41152ca3420e78a09000ab40adb99b',
  date: 2025-01-27T00:00:00.000Z,
  quantity: '31.0000',
  volume: '1650.4400',
  created_at: 2025-03-17T12:07:55.995Z,
  updated_at: 2025-03-17T12:07:55.995Z
}
🗑️ Enregistrement non trouvé dans les nouvelles données, sera supprimé: {
  id: 4881,
  token: '0xacbd31b19cd7cca21ba3db4d143247668e62a88c',
  date: 2025-01-27T00:00:00.000Z,
  quantity: '20.0050',
  volume: '960.2550',
  created_at: 2025-03-17T12:07:55.995Z,
  updated_at: 2025-03-17T12:07:55.995Z
}
🗑️ Enregistrement non trouvé dans les nouvelles données, sera supprimé: {
  id: 4982,
  token: '0xafa816f7fff6f252e5cdbd40b80d9ef77b7e289b',
  date: 2025-01-27T00:00:00.000Z,
  quantity: '1.0000',
  volume: '61.8500',
  created_at: 2025-03-17T12:07:55.995Z,
  updated_at: 2025-03-17T12:07:55.995Z
}
🗑️ Enregistrement non trouvé dans les nouvelles données, sera supprimé: {
  id: 5252,
  token: '0xba07997f594a52df179620284b52b50a4e66227d',
  date: 2025-01-27T00:00:00.000Z,
  quantity: '0.4122',
  volume: '24.1755',
  created_at: 2025-03-17T12:07:55.995Z,
  updated_at: 2025-03-17T12:07:55.995Z
}
🗑️ Enregistrement non trouvé dans les nouvelles données, sera supprimé: {
  id: 5311,
  token: '0xbdc1f8ccd117fe4e34f6c78f5293cd126b0c0474',
  date: 2025-01-27T00:00:00.000Z,
  quantity: '1.0000',
  volume: '58.0000',
  created_at: 2025-03-17T12:07:55.995Z,
  updated_at: 2025-03-17T12:07:55.995Z
}
🗑️ Enregistrement non trouvé dans les nouvelles données, sera supprimé: {
  id: 5602,
  token: '0xccca5323052435aa4b0ec94c1d0255f17e4f495c',
  date: 2025-01-27T00:00:00.000Z,
  quantity: '51.0000',
  volume: '2907.0000',
  created_at: 2025-03-17T12:07:55.995Z,
  updated_at: 2025-03-17T12:07:55.995Z
}
🗑️ Enregistrement non trouvé dans les nouvelles données, sera supprimé: {
  id: 5701,
  token: '0xd08d2b199e9e5df407427d4085877d1fdff3b1d6',
  date: 2025-01-27T00:00:00.000Z,
  quantity: '0.1500',
  volume: '9.7957',
  created_at: 2025-03-17T12:07:55.995Z,
  updated_at: 2025-03-17T12:07:55.995Z
}
🗑️ Enregistrement non trouvé dans les nouvelles données, sera supprimé: {
  id: 5710,
  token: '0xd1095b31f41d3bdbb66a52b94a737b2d7ac17635',
  date: 2025-01-27T00:00:00.000Z,
  quantity: '0.8000',
  volume: '51.4240',
  created_at: 2025-03-17T12:07:55.995Z,
  updated_at: 2025-03-17T12:07:55.995Z
}
🗑️ Enregistrement non trouvé dans les nouvelles données, sera supprimé: {
  id: 5735,
  token: '0xd2f3f2c6ec04c657dd8e60503b382edbe77616ba',
  date: 2025-01-27T00:00:00.000Z,
  quantity: '1.0000',
  volume: '52.0000',
  created_at: 2025-03-17T12:07:55.995Z,
  updated_at: 2025-03-17T12:07:55.995Z
}
🗑️ Enregistrement non trouvé dans les nouvelles données, sera supprimé: {
  id: 5800,
  token: '0xd590ab93067c473fb0647e7a8271979447519db0',
  date: 2025-01-27T00:00:00.000Z,
  quantity: '2.0000',
  volume: '104.0000',
  created_at: 2025-03-17T12:07:55.995Z,
  updated_at: 2025-03-17T12:07:55.995Z
}
🗑️ Enregistrement non trouvé dans les nouvelles données, sera supprimé: {
  id: 5883,
  token: '0xd7666cb7f9092638913229d09ef8c6084ab50555',
  date: 2025-01-27T00:00:00.000Z,
  quantity: '2.0000',
  volume: '113.0006',
  created_at: 2025-03-17T12:07:55.995Z,
  updated_at: 2025-03-17T12:07:55.995Z
}
🗑️ Enregistrement non trouvé dans les nouvelles données, sera supprimé: {
  id: 5925,
  token: '0xd88e8873e90f734c9d3e3519e9e87345478c1df2',
  date: 2025-01-27T00:00:00.000Z,
  quantity: '0.0543',
  volume: '3.9490',
  created_at: 2025-03-17T12:07:55.995Z,
  updated_at: 2025-03-17T12:07:55.995Z
}
🗑️ Enregistrement non trouvé dans les nouvelles données, sera supprimé: {
  id: 6013,
  token: '0xdaf6b273691372e4eb2fe353624f8f4f768c2099',
  date: 2025-01-27T00:00:00.000Z,
  quantity: '0.3500',
  volume: '18.5500',
  created_at: 2025-03-17T12:07:55.995Z,
  updated_at: 2025-03-17T12:07:55.995Z
}
🗑️ Enregistrement non trouvé dans les nouvelles données, sera supprimé: {
  id: 6041,
  token: '0xdbc4e32037d5d8bbeb975006467e8b40737c77b0',
  date: 2025-01-27T00:00:00.000Z,
  quantity: '7.0000',
  volume: '361.2000',
  created_at: 2025-03-17T12:07:55.995Z,
  updated_at: 2025-03-17T12:07:55.995Z
}
🗑️ Enregistrement non trouvé dans les nouvelles données, sera supprimé: {
  id: 6143,
  token: '0xdf7a80778a8be812e654291ffab21d61e9c21323',
  date: 2025-01-27T00:00:00.000Z,
  quantity: '14.0000',
  volume: '776.3000',
  created_at: 2025-03-17T12:07:55.995Z,
  updated_at: 2025-03-17T12:07:55.995Z
}
🗑️ Enregistrement non trouvé dans les nouvelles données, sera supprimé: {
  id: 6188,
  token: '0xe0caf659d1bb4403c8f4b883077619159369f652',
  date: 2025-01-27T00:00:00.000Z,
  quantity: '3.0000',
  volume: '156.0000',
  created_at: 2025-03-17T12:07:55.995Z,
  updated_at: 2025-03-17T12:07:55.995Z
}
🗑️ Enregistrement non trouvé dans les nouvelles données, sera supprimé: {
  id: 6263,
  token: '0xe447e8ec034c9100c1ff9bc401b5cd2fe15c9dcc',
  date: 2025-01-27T00:00:00.000Z,
  quantity: '675.0000',
  volume: '33082.2947',
  created_at: 2025-03-17T12:07:55.995Z,
  updated_at: 2025-03-17T12:07:55.995Z
}
🗑️ Enregistrement non trouvé dans les nouvelles données, sera supprimé: {
  id: 6344,
  token: '0xe7b6de709ffc3bd237c2f2c800e1002f97a760f3',
  date: 2025-01-27T00:00:00.000Z,
  quantity: '2.3000',
  volume: '130.2750',
  created_at: 2025-03-17T12:07:55.995Z,
  updated_at: 2025-03-17T12:07:55.995Z
}
🗑️ Enregistrement non trouvé dans les nouvelles données, sera supprimé: {
  id: 6362,
  token: '0xe7e80e20ce71acd578b18c54382567385771cc37',
  date: 2025-01-27T00:00:00.000Z,
  quantity: '1.0000',
  volume: '75.9000',
  created_at: 2025-03-17T12:07:55.995Z,
  updated_at: 2025-03-17T12:07:55.995Z
}
🗑️ Enregistrement non trouvé dans les nouvelles données, sera supprimé: {
  id: 6380,
  token: '0xe7f4bfa5b66e5dc1be1d4d424eaba414f03a295e',
  date: 2025-01-27T00:00:00.000Z,
  quantity: '3.6392',
  volume: '183.4522',
  created_at: 2025-03-17T12:07:55.995Z,
  updated_at: 2025-03-17T12:07:55.995Z
}
🗑️ Enregistrement non trouvé dans les nouvelles données, sera supprimé: {
  id: 6658,
  token: '0xefa67f9711b53d76d020d8b1bf05a03f0853b26f',
  date: 2025-01-27T00:00:00.000Z,
  quantity: '1.0000',
  volume: '51.8000',
  created_at: 2025-03-17T12:07:55.995Z,
  updated_at: 2025-03-17T12:07:55.995Z
}
🗑️ Enregistrement non trouvé dans les nouvelles données, sera supprimé: {
  id: 6674,
  token: '0xeffc3018fe9da6ca48f384d512da972217c596c3',
  date: 2025-01-27T00:00:00.000Z,
  quantity: '2.0000',
  volume: '98.0000',
  created_at: 2025-03-17T12:07:55.995Z,
  updated_at: 2025-03-17T12:07:55.995Z
}
🗑️ Enregistrement non trouvé dans les nouvelles données, sera supprimé: {
  id: 6691,
  token: '0xf13d215776dac65c9c1e80d8f3daf6d91cc062d5',
  date: 2025-01-27T00:00:00.000Z,
  quantity: '1.0000',
  volume: '64.6400',
  created_at: 2025-03-17T12:07:55.995Z,
  updated_at: 2025-03-17T12:07:55.995Z
}
🔄 Mise à jour de 4 enregistrements...
✅ 4 enregistrements mis à jour avec succès
📝 Insertion de 5 nouveaux enregistrements...
✅ 5 nouveaux enregistrements insérés avec succès
🗑️ Suppression de 90 enregistrements...
✅ 90 enregistrements supprimés avec succès
✅ Synchronisation des volumes de tokens terminée

[2025-03-29T00:00:06.271Z] ========== FIN DE L'EXÉCUTION (STATUT: success) ==========

[2025-03-29T01:00:00.150Z] ========== DÉBUT DE L'EXÉCUTION DE LA TÂCHE: Fetch Tokens Volume (ID: 7) ==========
[2025-03-29T01:00:06.974Z] 🔄 Début de la récupération des volumes de tokens...
📅 Date limite: 2025-01-28
🔗 URL de l'API: https://gateway-arbitrum.network.thegraph.com/api/ae36a6bfa6af7dfa3487d2cecf583ebe/subgraphs/id/4eJa4rKCR5f8fq48BKbYBPvf7DWHppGZRvfiVUSFXBGR
📥 Récupération des tokens (skip: 0)...
✅ 701 tokens récupérés
✅ Total des tokens récupérés : 701
🔄 Récupération des enregistrements existants depuis PostgreSQL...
✅ 6829 enregistrements existants récupérés
Enregistrements existants récupérés
📝 Insertion de 3 nouveaux enregistrements...
✅ 3 nouveaux enregistrements insérés avec succès
✅ Synchronisation des volumes de tokens terminée

[2025-03-29T01:00:06.974Z] ========== FIN DE L'EXÉCUTION (STATUT: success) ==========

[2025-03-29T02:00:00.523Z] ========== DÉBUT DE L'EXÉCUTION DE LA TÂCHE: Fetch Tokens Volume (ID: 7) ==========
[2025-03-29T02:00:04.748Z] 🔄 Début de la récupération des volumes de tokens...
📅 Date limite: 2025-01-28
🔗 URL de l'API: https://gateway-arbitrum.network.thegraph.com/api/ae36a6bfa6af7dfa3487d2cecf583ebe/subgraphs/id/4eJa4rKCR5f8fq48BKbYBPvf7DWHppGZRvfiVUSFXBGR
📥 Récupération des tokens (skip: 0)...
✅ 701 tokens récupérés
✅ Total des tokens récupérés : 701
🔄 Récupération des enregistrements existants depuis PostgreSQL...
✅ 6832 enregistrements existants récupérés
Enregistrements existants récupérés
✅ Synchronisation des volumes de tokens terminée

[2025-03-29T02:00:04.748Z] ========== FIN DE L'EXÉCUTION (STATUT: success) ==========

[2025-03-29T03:00:00.883Z] ========== DÉBUT DE L'EXÉCUTION DE LA TÂCHE: Fetch Tokens Volume (ID: 7) ==========
[2025-03-29T03:00:05.635Z] 🔄 Début de la récupération des volumes de tokens...
📅 Date limite: 2025-01-28
🔗 URL de l'API: https://gateway-arbitrum.network.thegraph.com/api/ae36a6bfa6af7dfa3487d2cecf583ebe/subgraphs/id/4eJa4rKCR5f8fq48BKbYBPvf7DWHppGZRvfiVUSFXBGR
📥 Récupération des tokens (skip: 0)...
✅ 701 tokens récupérés
✅ Total des tokens récupérés : 701
🔄 Récupération des enregistrements existants depuis PostgreSQL...
✅ 6832 enregistrements existants récupérés
Enregistrements existants récupérés
📝 Insertion de 3 nouveaux enregistrements...
✅ 3 nouveaux enregistrements insérés avec succès
✅ Synchronisation des volumes de tokens terminée

[2025-03-29T03:00:05.635Z] ========== FIN DE L'EXÉCUTION (STATUT: success) ==========

[2025-03-29T04:00:00.280Z] ========== DÉBUT DE L'EXÉCUTION DE LA TÂCHE: Fetch Tokens Volume (ID: 7) ==========
[2025-03-29T04:00:05.218Z] 🔄 Début de la récupération des volumes de tokens...
📅 Date limite: 2025-01-28
🔗 URL de l'API: https://gateway-arbitrum.network.thegraph.com/api/ae36a6bfa6af7dfa3487d2cecf583ebe/subgraphs/id/4eJa4rKCR5f8fq48BKbYBPvf7DWHppGZRvfiVUSFXBGR
📥 Récupération des tokens (skip: 0)...
✅ 701 tokens récupérés
✅ Total des tokens récupérés : 701
🔄 Récupération des enregistrements existants depuis PostgreSQL...
✅ 6835 enregistrements existants récupérés
Enregistrements existants récupérés
📝 Insertion de 6 nouveaux enregistrements...
✅ 6 nouveaux enregistrements insérés avec succès
✅ Synchronisation des volumes de tokens terminée

[2025-03-29T04:00:05.218Z] ========== FIN DE L'EXÉCUTION (STATUT: success) ==========

[2025-03-29T05:00:00.638Z] ========== DÉBUT DE L'EXÉCUTION DE LA TÂCHE: Fetch Tokens Volume (ID: 7) ==========
[2025-03-29T05:00:04.894Z] 🔄 Début de la récupération des volumes de tokens...
📅 Date limite: 2025-01-28
🔗 URL de l'API: https://gateway-arbitrum.network.thegraph.com/api/ae36a6bfa6af7dfa3487d2cecf583ebe/subgraphs/id/4eJa4rKCR5f8fq48BKbYBPvf7DWHppGZRvfiVUSFXBGR
📥 Récupération des tokens (skip: 0)...
✅ 701 tokens récupérés
✅ Total des tokens récupérés : 701
🔄 Récupération des enregistrements existants depuis PostgreSQL...
✅ 6841 enregistrements existants récupérés
Enregistrements existants récupérés
✅ Synchronisation des volumes de tokens terminée

[2025-03-29T05:00:04.894Z] ========== FIN DE L'EXÉCUTION (STATUT: success) ==========

[2025-03-29T06:00:00.999Z] ========== DÉBUT DE L'EXÉCUTION DE LA TÂCHE: Fetch Tokens Volume (ID: 7) ==========
[2025-03-29T06:00:05.852Z] 🔄 Début de la récupération des volumes de tokens...
📅 Date limite: 2025-01-28
🔗 URL de l'API: https://gateway-arbitrum.network.thegraph.com/api/ae36a6bfa6af7dfa3487d2cecf583ebe/subgraphs/id/4eJa4rKCR5f8fq48BKbYBPvf7DWHppGZRvfiVUSFXBGR
📥 Récupération des tokens (skip: 0)...
✅ 701 tokens récupérés
✅ Total des tokens récupérés : 701
🔄 Récupération des enregistrements existants depuis PostgreSQL...
✅ 6841 enregistrements existants récupérés
Enregistrements existants récupérés
📝 Insertion de 1 nouveaux enregistrements...
✅ 1 nouveaux enregistrements insérés avec succès
✅ Synchronisation des volumes de tokens terminée

[2025-03-29T06:00:05.852Z] ========== FIN DE L'EXÉCUTION (STATUT: success) ==========

[2025-03-29T07:00:00.349Z] ========== DÉBUT DE L'EXÉCUTION DE LA TÂCHE: Fetch Tokens Volume (ID: 7) ==========
[2025-03-29T07:00:05.319Z] 🔄 Début de la récupération des volumes de tokens...
📅 Date limite: 2025-01-28
🔗 URL de l'API: https://gateway-arbitrum.network.thegraph.com/api/ae36a6bfa6af7dfa3487d2cecf583ebe/subgraphs/id/4eJa4rKCR5f8fq48BKbYBPvf7DWHppGZRvfiVUSFXBGR
📥 Récupération des tokens (skip: 0)...
✅ 701 tokens récupérés
✅ Total des tokens récupérés : 701
🔄 Récupération des enregistrements existants depuis PostgreSQL...
✅ 6842 enregistrements existants récupérés
Enregistrements existants récupérés
❗ Différence détectée pour la clé 0xa12a334f563c1a9fef29cf11fac7e148fd54463b_2025-03-29
  Ancien: { quantity: 0.0635, volume: 3.2995 }
  Nouveau: { quantity: 0.1806, volume: 9.5105 }
🔄 Mise à jour de 1 enregistrements...
✅ 1 enregistrements mis à jour avec succès
📝 Insertion de 30 nouveaux enregistrements...
✅ 30 nouveaux enregistrements insérés avec succès
✅ Synchronisation des volumes de tokens terminée

[2025-03-29T07:00:05.319Z] ========== FIN DE L'EXÉCUTION (STATUT: success) ==========

[2025-03-29T08:00:00.647Z] ========== DÉBUT DE L'EXÉCUTION DE LA TÂCHE: Fetch Tokens Volume (ID: 7) ==========
[2025-03-29T08:00:05.465Z] 🔄 Début de la récupération des volumes de tokens...
📅 Date limite: 2025-01-28
🔗 URL de l'API: https://gateway-arbitrum.network.thegraph.com/api/ae36a6bfa6af7dfa3487d2cecf583ebe/subgraphs/id/4eJa4rKCR5f8fq48BKbYBPvf7DWHppGZRvfiVUSFXBGR
📥 Récupération des tokens (skip: 0)...
✅ 701 tokens récupérés
✅ Total des tokens récupérés : 701
🔄 Récupération des enregistrements existants depuis PostgreSQL...
✅ 6872 enregistrements existants récupérés
Enregistrements existants récupérés
❗ Différence détectée pour la clé 0x27c30545dc2ba4b3bfdcb9f807a0214f4b06f034_2025-03-29
  Ancien: { quantity: 0.6452, volume: 33.1568 }
  Nouveau: { quantity: 2.8749, volume: 148.6568 }
❗ Différence détectée pour la clé 0x4e98493920b16dd6642e9d48497c8d0a49150f6f_2025-03-29
  Ancien: { quantity: 0.0056, volume: 0.3018 }
  Nouveau: { quantity: 0.0056, volume: 0.3022 }
🔄 Mise à jour de 2 enregistrements...
✅ 2 enregistrements mis à jour avec succès
📝 Insertion de 5 nouveaux enregistrements...
✅ 5 nouveaux enregistrements insérés avec succès
✅ Synchronisation des volumes de tokens terminée

[2025-03-29T08:00:05.466Z] ========== FIN DE L'EXÉCUTION (STATUT: success) ==========

[2025-03-29T09:00:00.938Z] ========== DÉBUT DE L'EXÉCUTION DE LA TÂCHE: Fetch Tokens Volume (ID: 7) ==========
[2025-03-29T09:00:06.285Z] 🔄 Début de la récupération des volumes de tokens...
📅 Date limite: 2025-01-28
🔗 URL de l'API: https://gateway-arbitrum.network.thegraph.com/api/ae36a6bfa6af7dfa3487d2cecf583ebe/subgraphs/id/4eJa4rKCR5f8fq48BKbYBPvf7DWHppGZRvfiVUSFXBGR
📥 Récupération des tokens (skip: 0)...
✅ 701 tokens récupérés
✅ Total des tokens récupérés : 701
🔄 Récupération des enregistrements existants depuis PostgreSQL...
✅ 6877 enregistrements existants récupérés
Enregistrements existants récupérés
❗ Différence détectée pour la clé 0x960e61f5c4107d71bd8936b010416738c250f91c_2025-03-29
  Ancien: { quantity: 6.3658, volume: 348.3373 }
  Nouveau: { quantity: 8.2355, volume: 451.1517 }
🔄 Mise à jour de 1 enregistrements...
✅ 1 enregistrements mis à jour avec succès
📝 Insertion de 2 nouveaux enregistrements...
✅ 2 nouveaux enregistrements insérés avec succès
✅ Synchronisation des volumes de tokens terminée

[2025-03-29T09:00:06.285Z] ========== FIN DE L'EXÉCUTION (STATUT: success) ==========

[2025-03-29T10:00:00.294Z] ========== DÉBUT DE L'EXÉCUTION DE LA TÂCHE: Fetch Tokens Volume (ID: 7) ==========
[2025-03-29T10:00:04.369Z] 🔄 Début de la récupération des volumes de tokens...
📅 Date limite: 2025-01-28
🔗 URL de l'API: https://gateway-arbitrum.network.thegraph.com/api/ae36a6bfa6af7dfa3487d2cecf583ebe/subgraphs/id/4eJa4rKCR5f8fq48BKbYBPvf7DWHppGZRvfiVUSFXBGR
📥 Récupération des tokens (skip: 0)...
✅ 701 tokens récupérés
✅ Total des tokens récupérés : 701
🔄 Récupération des enregistrements existants depuis PostgreSQL...
✅ 6879 enregistrements existants récupérés
Enregistrements existants récupérés
📝 Insertion de 4 nouveaux enregistrements...
✅ 4 nouveaux enregistrements insérés avec succès
✅ Synchronisation des volumes de tokens terminée

[2025-03-29T10:00:04.370Z] ========== FIN DE L'EXÉCUTION (STATUT: success) ==========

[2025-03-29T11:00:00.657Z] ========== DÉBUT DE L'EXÉCUTION DE LA TÂCHE: Fetch Tokens Volume (ID: 7) ==========
[2025-03-29T11:00:04.837Z] 🔄 Début de la récupération des volumes de tokens...
📅 Date limite: 2025-01-28
🔗 URL de l'API: https://gateway-arbitrum.network.thegraph.com/api/ae36a6bfa6af7dfa3487d2cecf583ebe/subgraphs/id/4eJa4rKCR5f8fq48BKbYBPvf7DWHppGZRvfiVUSFXBGR
📥 Récupération des tokens (skip: 0)...
✅ 701 tokens récupérés
✅ Total des tokens récupérés : 701
🔄 Récupération des enregistrements existants depuis PostgreSQL...
✅ 6883 enregistrements existants récupérés
Enregistrements existants récupérés
📝 Insertion de 4 nouveaux enregistrements...
✅ 4 nouveaux enregistrements insérés avec succès
✅ Synchronisation des volumes de tokens terminée

[2025-03-29T11:00:04.837Z] ========== FIN DE L'EXÉCUTION (STATUT: success) ==========

[2025-03-29T12:00:00.026Z] ========== DÉBUT DE L'EXÉCUTION DE LA TÂCHE: Fetch Tokens Volume (ID: 7) ==========
[2025-03-29T12:00:04.934Z] 🔄 Début de la récupération des volumes de tokens...
📅 Date limite: 2025-01-28
🔗 URL de l'API: https://gateway-arbitrum.network.thegraph.com/api/ae36a6bfa6af7dfa3487d2cecf583ebe/subgraphs/id/4eJa4rKCR5f8fq48BKbYBPvf7DWHppGZRvfiVUSFXBGR
📥 Récupération des tokens (skip: 0)...
✅ 701 tokens récupérés
✅ Total des tokens récupérés : 701
🔄 Récupération des enregistrements existants depuis PostgreSQL...
✅ 6887 enregistrements existants récupérés
Enregistrements existants récupérés
❗ Différence détectée pour la clé 0x0675e8f4a52ea6c845cb6427af03616a2af42170_2025-03-29
  Ancien: { quantity: 11, volume: 494.99 }
  Nouveau: { quantity: 51, volume: 2294.99 }
❗ Différence détectée pour la clé 0x4505f5bff6bada5a20b1a008c6db3cd9545027a4_2025-03-29
  Ancien: { quantity: 2, volume: 138.366 }
  Nouveau: { quantity: 22.1315, volume: 1531.1222 }
❗ Différence détectée pour la clé 0x6a834befd26d1690cb90ac40a2a0f73213e7387f_2025-03-29
  Ancien: { quantity: 0.5, volume: 27.4 }
  Nouveau: { quantity: 1.5, volume: 82.2 }
🔄 Mise à jour de 3 enregistrements...
✅ 3 enregistrements mis à jour avec succès
📝 Insertion de 5 nouveaux enregistrements...
✅ 5 nouveaux enregistrements insérés avec succès
✅ Synchronisation des volumes de tokens terminée

[2025-03-29T12:00:04.935Z] ========== FIN DE L'EXÉCUTION (STATUT: success) ==========

[2025-03-29T13:00:00.354Z] ========== DÉBUT DE L'EXÉCUTION DE LA TÂCHE: Fetch Tokens Volume (ID: 7) ==========
[2025-03-29T13:00:03.088Z] 🔄 Début de la récupération des volumes de tokens...
📅 Date limite: 2025-01-28
🔗 URL de l'API: https://gateway-arbitrum.network.thegraph.com/api/ae36a6bfa6af7dfa3487d2cecf583ebe/subgraphs/id/4eJa4rKCR5f8fq48BKbYBPvf7DWHppGZRvfiVUSFXBGR
📥 Récupération des tokens (skip: 0)...
✅ 701 tokens récupérés
✅ Total des tokens récupérés : 701
🔄 Récupération des enregistrements existants depuis PostgreSQL...
✅ 6892 enregistrements existants récupérés
Enregistrements existants récupérés
❗ Différence détectée pour la clé 0x0675e8f4a52ea6c845cb6427af03616a2af42170_2025-03-29
  Ancien: { quantity: 51, volume: 2294.99 }
  Nouveau: { quantity: 58, volume: 2609.99 }
❗ Différence détectée pour la clé 0x27c30545dc2ba4b3bfdcb9f807a0214f4b06f034_2025-03-29
  Ancien: { quantity: 2.8749, volume: 148.6568 }
  Nouveau: { quantity: 3.8749, volume: 203.7568 }
🔄 Mise à jour de 2 enregistrements...
✅ 2 enregistrements mis à jour avec succès
📝 Insertion de 6 nouveaux enregistrements...
✅ 6 nouveaux enregistrements insérés avec succès
✅ Synchronisation des volumes de tokens terminée

[2025-03-29T13:00:03.089Z] ========== FIN DE L'EXÉCUTION (STATUT: success) ==========

[2025-03-29T14:00:00.693Z] ========== DÉBUT DE L'EXÉCUTION DE LA TÂCHE: Fetch Tokens Volume (ID: 7) ==========
[2025-03-29T14:00:02.797Z] 🔄 Début de la récupération des volumes de tokens...
📅 Date limite: 2025-01-28
🔗 URL de l'API: https://gateway-arbitrum.network.thegraph.com/api/ae36a6bfa6af7dfa3487d2cecf583ebe/subgraphs/id/4eJa4rKCR5f8fq48BKbYBPvf7DWHppGZRvfiVUSFXBGR
📥 Récupération des tokens (skip: 0)...
✅ 701 tokens récupérés
✅ Total des tokens récupérés : 701
🔄 Récupération des enregistrements existants depuis PostgreSQL...
✅ 6898 enregistrements existants récupérés
Enregistrements existants récupérés
📝 Insertion de 4 nouveaux enregistrements...
✅ 4 nouveaux enregistrements insérés avec succès
✅ Synchronisation des volumes de tokens terminée

[2025-03-29T14:00:02.798Z] ========== FIN DE L'EXÉCUTION (STATUT: success) ==========

[2025-03-29T15:00:00.043Z] ========== DÉBUT DE L'EXÉCUTION DE LA TÂCHE: Fetch Tokens Volume (ID: 7) ==========
[2025-03-29T15:00:02.039Z] 🔄 Début de la récupération des volumes de tokens...
📅 Date limite: 2025-01-28
🔗 URL de l'API: https://gateway-arbitrum.network.thegraph.com/api/ae36a6bfa6af7dfa3487d2cecf583ebe/subgraphs/id/4eJa4rKCR5f8fq48BKbYBPvf7DWHppGZRvfiVUSFXBGR
📥 Récupération des tokens (skip: 0)...
✅ 701 tokens récupérés
✅ Total des tokens récupérés : 701
🔄 Récupération des enregistrements existants depuis PostgreSQL...
✅ 6902 enregistrements existants récupérés
Enregistrements existants récupérés
📝 Insertion de 3 nouveaux enregistrements...
✅ 3 nouveaux enregistrements insérés avec succès
✅ Synchronisation des volumes de tokens terminée

[2025-03-29T15:00:02.039Z] ========== FIN DE L'EXÉCUTION (STATUT: success) ==========

[2025-03-29T16:00:00.366Z] ========== DÉBUT DE L'EXÉCUTION DE LA TÂCHE: Fetch Tokens Volume (ID: 7) ==========
[2025-03-29T16:00:06.870Z] 🔄 Début de la récupération des volumes de tokens...
📅 Date limite: 2025-01-28
🔗 URL de l'API: https://gateway-arbitrum.network.thegraph.com/api/ae36a6bfa6af7dfa3487d2cecf583ebe/subgraphs/id/4eJa4rKCR5f8fq48BKbYBPvf7DWHppGZRvfiVUSFXBGR
📥 Récupération des tokens (skip: 0)...
✅ 701 tokens récupérés
✅ Total des tokens récupérés : 701
🔄 Récupération des enregistrements existants depuis PostgreSQL...
✅ 6905 enregistrements existants récupérés
Enregistrements existants récupérés
❗ Différence détectée pour la clé 0x01b4ea64e4204b51cbc8463ffc8e6046c9d70371_2025-03-29
  Ancien: { quantity: 0.15, volume: 7.8825 }
  Nouveau: { quantity: 0.0817, volume: 4.5 }
🔄 Mise à jour de 1 enregistrements...
✅ 1 enregistrements mis à jour avec succès
📝 Insertion de 5 nouveaux enregistrements...
✅ 5 nouveaux enregistrements insérés avec succès
✅ Synchronisation des volumes de tokens terminée

[2025-03-29T16:00:06.870Z] ========== FIN DE L'EXÉCUTION (STATUT: success) ==========

[2025-03-29T17:00:00.694Z] ========== DÉBUT DE L'EXÉCUTION DE LA TÂCHE: Fetch Tokens Volume (ID: 7) ==========
[2025-03-29T17:00:06.781Z] 🔄 Début de la récupération des volumes de tokens...
📅 Date limite: 2025-01-28
🔗 URL de l'API: https://gateway-arbitrum.network.thegraph.com/api/ae36a6bfa6af7dfa3487d2cecf583ebe/subgraphs/id/4eJa4rKCR5f8fq48BKbYBPvf7DWHppGZRvfiVUSFXBGR
📥 Récupération des tokens (skip: 0)...
✅ 701 tokens récupérés
✅ Total des tokens récupérés : 701
🔄 Récupération des enregistrements existants depuis PostgreSQL...
✅ 6910 enregistrements existants récupérés
Enregistrements existants récupérés
❗ Différence détectée pour la clé 0x4812d818d7aa516b208940c2afdbc54177162e4f_2025-03-29
  Ancien: { quantity: 1, volume: 50.68 }
  Nouveau: { quantity: 2, volume: 101.36 }
🔄 Mise à jour de 1 enregistrements...
✅ 1 enregistrements mis à jour avec succès
📝 Insertion de 2 nouveaux enregistrements...
✅ 2 nouveaux enregistrements insérés avec succès
✅ Synchronisation des volumes de tokens terminée

[2025-03-29T17:00:06.781Z] ========== FIN DE L'EXÉCUTION (STATUT: success) ==========

[2025-03-29T18:00:00.049Z] ========== DÉBUT DE L'EXÉCUTION DE LA TÂCHE: Fetch Tokens Volume (ID: 7) ==========
[2025-03-29T18:00:06.660Z] 🔄 Début de la récupération des volumes de tokens...
📅 Date limite: 2025-01-28
🔗 URL de l'API: https://gateway-arbitrum.network.thegraph.com/api/ae36a6bfa6af7dfa3487d2cecf583ebe/subgraphs/id/4eJa4rKCR5f8fq48BKbYBPvf7DWHppGZRvfiVUSFXBGR
📥 Récupération des tokens (skip: 0)...
✅ 701 tokens récupérés
✅ Total des tokens récupérés : 701
🔄 Récupération des enregistrements existants depuis PostgreSQL...
✅ 6912 enregistrements existants récupérés
Enregistrements existants récupérés
❗ Différence détectée pour la clé 0x1707a9bad232d728afded75faced38ec90eaa41e_2025-03-29
  Ancien: { quantity: 5.2879, volume: 278.8825 }
  Nouveau: { quantity: 6.2879, volume: 329.3825 }
❗ Différence détectée pour la clé 0x960e61f5c4107d71bd8936b010416738c250f91c_2025-03-29
  Ancien: { quantity: 8.2355, volume: 451.1517 }
  Nouveau: { quantity: 17.3281, volume: 951.1517 }
❗ Différence détectée pour la clé 0xb2960e73b260812e4326723c7136e7b1988a036a_2025-03-29
  Ancien: { quantity: 0.5972, volume: 31.8418 }
  Nouveau: { quantity: 0.9264, volume: 48.9349 }
❗ Différence détectée pour la clé 0xccca5323052435aa4b0ec94c1d0255f17e4f495c_2025-03-29
  Ancien: { quantity: 4.6742, volume: 266.5045 }
  Nouveau: { quantity: 5.3993, volume: 308.0732 }
❗ Différence détectée pour la clé 0xf13d215776dac65c9c1e80d8f3daf6d91cc062d5_2025-03-29
  Ancien: { quantity: 1.4165, volume: 89.5356 }
  Nouveau: { quantity: 2.4165, volume: 152.7456 }
🔄 Mise à jour de 5 enregistrements...
✅ 5 enregistrements mis à jour avec succès
📝 Insertion de 10 nouveaux enregistrements...
✅ 10 nouveaux enregistrements insérés avec succès
✅ Synchronisation des volumes de tokens terminée

[2025-03-29T18:00:06.660Z] ========== FIN DE L'EXÉCUTION (STATUT: success) ==========

[2025-03-29T19:00:00.403Z] ========== DÉBUT DE L'EXÉCUTION DE LA TÂCHE: Fetch Tokens Volume (ID: 7) ==========
[2025-03-29T19:00:06.660Z] 🔄 Début de la récupération des volumes de tokens...
📅 Date limite: 2025-01-28
🔗 URL de l'API: https://gateway-arbitrum.network.thegraph.com/api/ae36a6bfa6af7dfa3487d2cecf583ebe/subgraphs/id/4eJa4rKCR5f8fq48BKbYBPvf7DWHppGZRvfiVUSFXBGR
📥 Récupération des tokens (skip: 0)...
✅ 701 tokens récupérés
✅ Total des tokens récupérés : 701
🔄 Récupération des enregistrements existants depuis PostgreSQL...
✅ 6922 enregistrements existants récupérés
Enregistrements existants récupérés
❗ Différence détectée pour la clé 0x03d23c82f20c96c421742b243b7ea33a3e217c1f_2025-03-29
  Ancien: { quantity: 1, volume: 51.79 }
  Nouveau: { quantity: 2, volume: 103.9899 }
❗ Différence détectée pour la clé 0x56eba91a307d229c33e6f9dedf04d4e982ef5aca_2025-03-29
  Ancien: { quantity: 9.7143, volume: 516.1208 }
  Nouveau: { quantity: 11.3935, volume: 609.0477 }
❗ Différence détectée pour la clé 0x83b16b1dcaaeb59caa13b96da260d8b15671822a_2025-03-29
  Ancien: { quantity: 0.347, volume: 24.24 }
  Nouveau: { quantity: 0.6859, volume: 47.9144 }
❗ Différence détectée pour la clé 0x960e61f5c4107d71bd8936b010416738c250f91c_2025-03-29
  Ancien: { quantity: 17.3281, volume: 951.1517 }
  Nouveau: { quantity: 19.3281, volume: 1061.1317 }
❗ Différence détectée pour la clé 0xa6004ca1fab428152f27135355f21d6bcdf355bd_2025-03-29
  Ancien: { quantity: 0.65, volume: 38.8699 }
  Nouveau: { quantity: 5.2499, volume: 316.7499 }
❗ Différence détectée pour la clé 0xc80113af48d272827a8bfb0b68c8b7b120d948c6_2025-03-29
  Ancien: { quantity: 0.2909, volume: 15.3591 }
  Nouveau: { quantity: 0.5, volume: 26.395 }
❗ Différence détectée pour la clé 0xdaf6b273691372e4eb2fe353624f8f4f768c2099_2025-03-29
  Ancien: { quantity: 0.9757, volume: 50.6554 }
  Nouveau: { quantity: 2.9757, volume: 156.6554 }
❗ Différence détectée pour la clé 0xe447e8ec034c9100c1ff9bc401b5cd2fe15c9dcc_2025-03-29
  Ancien: { quantity: 0.0844, volume: 4.3059 }
  Nouveau: { quantity: 2.0844, volume: 107.3059 }
❗ Différence détectée pour la clé 0xe9e603c04d33e205eeb5009e542f52aa851e69d8_2025-03-29
  Ancien: { quantity: 0.0038, volume: 0.1976 }
  Nouveau: { quantity: 1.0038, volume: 53.1976 }
❗ Différence détectée pour la clé 0xedcddc374c78bb8596352a28faf1eba9874aa2e1_2025-03-29
  Ancien: { quantity: 0.45, volume: 24.0679 }
  Nouveau: { quantity: 2.45, volume: 131.0479 }
🔄 Mise à jour de 10 enregistrements...
✅ 10 enregistrements mis à jour avec succès
📝 Insertion de 8 nouveaux enregistrements...
✅ 8 nouveaux enregistrements insérés avec succès
✅ Synchronisation des volumes de tokens terminée

[2025-03-29T19:00:06.661Z] ========== FIN DE L'EXÉCUTION (STATUT: success) ==========

[2025-03-29T20:00:00.608Z] ========== DÉBUT DE L'EXÉCUTION DE LA TÂCHE: Fetch Tokens Volume (ID: 7) ==========
[2025-03-29T20:00:04.578Z] 🔄 Début de la récupération des volumes de tokens...
📅 Date limite: 2025-01-28
🔗 URL de l'API: https://gateway-arbitrum.network.thegraph.com/api/ae36a6bfa6af7dfa3487d2cecf583ebe/subgraphs/id/4eJa4rKCR5f8fq48BKbYBPvf7DWHppGZRvfiVUSFXBGR
📥 Récupération des tokens (skip: 0)...
✅ 701 tokens récupérés
✅ Total des tokens récupérés : 701
🔄 Récupération des enregistrements existants depuis PostgreSQL...
✅ 6930 enregistrements existants récupérés
Enregistrements existants récupérés
❗ Différence détectée pour la clé 0x14be8b4b4bf1ea9d18bd04c4063a0987c702e204_2025-03-29
  Ancien: { quantity: 4, volume: 200 }
  Nouveau: { quantity: 69, volume: 3450 }
❗ Différence détectée pour la clé 0x30668ab855dee56a62479b0f22e83c54bd068446_2025-03-29
  Ancien: { quantity: 2, volume: 106 }
  Nouveau: { quantity: 6, volume: 306.28 }
❗ Différence détectée pour la clé 0x3b734947a4ec3f42b354d5c352490e00828872f0_2025-03-29
  Ancien: { quantity: 1.4252, volume: 75.537 }
  Nouveau: { quantity: 10.4252, volume: 533.907 }
❗ Différence détectée pour la clé 0x3b8b38475f011f4180374efe21a1b3b01c7f3f49_2025-03-29
  Ancien: { quantity: 0.207, volume: 10.7128 }
  Nouveau: { quantity: 3.207, volume: 163.1728 }
❗ Différence détectée pour la clé 0x4505f5bff6bada5a20b1a008c6db3cd9545027a4_2025-03-29
  Ancien: { quantity: 22.1315, volume: 1531.1222 }
  Nouveau: { quantity: 22.2629, volume: 1540.3846 }
❗ Différence détectée pour la clé 0x56eba91a307d229c33e6f9dedf04d4e982ef5aca_2025-03-29
  Ancien: { quantity: 11.3935, volume: 609.0477 }
  Nouveau: { quantity: 12.3935, volume: 664.3877 }
❗ Différence détectée pour la clé 0x730fbb27b650a2a3bcaa6729e635dc255acee343_2025-03-29
  Ancien: { quantity: 1.9918, volume: 122.4533 }
  Nouveau: { quantity: 6.9918, volume: 429.8533 }
❗ Différence détectée pour la clé 0x8c60eccab34ffce7b54e985fc8b7ba280b45701d_2025-03-29
  Ancien: { quantity: 0, volume: 0 }
  Nouveau: { quantity: 56.91, volume: 2916.6375 }
❗ Différence détectée pour la clé 0xa6231a14bdb99ba817c211558fa8ebb2a74b959a_2025-03-29
  Ancien: { quantity: 1.9456, volume: 105.9958 }
  Nouveau: { quantity: 2.3486, volume: 127.9504 }
❗ Différence détectée pour la clé 0xc113f50e638f8cb61a38d70735feb42360d9dead_2025-03-29
  Ancien: { quantity: 1.7059, volume: 89.5601 }
  Nouveau: { quantity: 2, volume: 105 }
❗ Différence détectée pour la clé 0xe447e8ec034c9100c1ff9bc401b5cd2fe15c9dcc_2025-03-29
  Ancien: { quantity: 2.0844, volume: 107.3059 }
  Nouveau: { quantity: 3.0844, volume: 158.8059 }
❗ Différence détectée pour la clé 0xe919df5f4eff1e6e6c6fe7c82471a5e6ce3437f1_2025-03-29
  Ancien: { quantity: 0.0732, volume: 5.5216 }
  Nouveau: { quantity: 0.1767, volume: 13.3233 }
🔄 Mise à jour de 12 enregistrements...
✅ 12 enregistrements mis à jour avec succès
📝 Insertion de 22 nouveaux enregistrements...
✅ 22 nouveaux enregistrements insérés avec succès
✅ Synchronisation des volumes de tokens terminée

[2025-03-29T20:00:04.578Z] ========== FIN DE L'EXÉCUTION (STATUT: success) ==========

